// Jest Snapshot v1, https://goo.gl/fbAQLP

exports[`Filter component should render the component 1`] = `ShallowWrapper {}`;
