// Jest Snapshot v1, https://goo.gl/fbAQLP

exports[`Catalog Store can create a store 1`] = `
Array [
  Object {
    "id": 0,
    "name": "official",
    "selected": false,
  },
]
`;
