// Jest Snapshot v1, https://goo.gl/fbAQLP

exports[`App should render the component correctly and match the snapshot 1`] = `
Array [
  " ",
  " ",
  <div
    className="pf-c-page hub-page"
  >
    <header
      className="pf-c-page__header"
    >
      <div
        className="pf-c-page__header-brand"
      >
        <a
          className="pf-c-page__header-brand-link"
        >
          <img
            alt="Tekton Hub Logo"
            className="pf-c-brand"
            onClick={[Function]}
            src="logo.png"
          />
        </a>
      </div>
      <div
        className="pf-c-page__header-tools"
      >
        <div
          className="pf-l-grid"
        >
          <div
            className="pf-l-grid__item pf-m-11-col"
          >
            <input
              aria-invalid={false}
              aria-label="text input example"
              className="pf-c-form-control hub-search"
              disabled={false}
              onBlur={[Function]}
              onChange={[Function]}
              onFocus={[Function]}
              placeholder="Search for resources..."
              readOnly={false}
              required={false}
              spellCheck="false"
              type="search"
              value=""
            />
          </div>
        </div>
        <h3
          className=""
          data-pf-content={true}
        >
          Login
        </h3>
      </div>
    </header>
    <main
      className="pf-c-page__main"
      tabIndex={-1}
    >
      <div
        className="hub-background-image"
      >
        <div
          className="pf-c-content"
        >
          <h1
            className="hub-background-heading"
            data-pf-content={true}
          >
            Welcome to Tekton Hub
          </h1>
          <h3
            className="hub-tag-line"
            data-pf-content={true}
          >
            Discover, search and share reusable Tasks and Pipelines
          </h3>
        </div>
      </div>
      <section
        className="pf-c-page__main-section"
      >
        <div
          className="pf-l-grid pf-m-gutter"
        >
          <div
            className="pf-l-grid__item pf-m-12-col"
          />
          <div
            className="pf-l-grid__item pf-m-2-col"
          >
            <div
              className="pf-l-grid pf-m-gutter hub-leftpane"
            >
              <div
                className="pf-l-grid__item pf-m-3-col"
              >
                <h1
                  className="hub-leftpane-sort"
                  data-pf-content={true}
                >
                  Sort
                </h1>
              </div>
              <div
                className="pf-l-grid__item pf-m-9-col"
              >
                <div>
                  <div
                    className="pf-c-dropdown hub-sort-dropdown"
                    data-ouia-component-id={0}
                    data-ouia-component-type="PF4/Dropdown"
                    data-ouia-safe={true}
                  >
                    <button
                      aria-expanded={false}
                      aria-haspopup={true}
                      className="pf-c-dropdown__toggle"
                      disabled={false}
                      id="pf-dropdown-toggle-id-0"
                      onClick={[Function]}
                      onKeyDown={[Function]}
                      type="button"
                    >
                      <span
                        className="pf-c-dropdown__toggle-text"
                      >
                        Name
                      </span>
                      <span
                        className="pf-c-dropdown__toggle-icon"
                      >
                        <svg
                          aria-hidden={true}
                          aria-labelledby={null}
                          fill="currentColor"
                          height="1em"
                          role="img"
                          style={
                            Object {
                              "verticalAlign": "-0.125em",
                            }
                          }
                          viewBox="0 0 320 512"
                          width="1em"
                        >
                          <path
                            d="M31.3 192h257.3c17.8 0 26.7 21.5 14.1 34.1L174.1 354.8c-7.8 7.8-20.5 7.8-28.3 0L17.2 226.1C4.6 213.5 13.5 192 31.3 192z"
                            transform=""
                          />
                        </svg>
                      </span>
                    </button>
                  </div>
                </div>
              </div>
              <div
                className="pf-l-grid__item"
              >
                <div>
                  <div
                    className="pf-l-grid"
                  >
                    <div
                      className="pf-l-grid__item pf-m-6-col"
                    >
                      <h1
                        className="hub-filter-header"
                        data-pf-content={true}
                      >
                        Kind
                      </h1>
                    </div>
                    <div
                      className="pf-l-grid__item pf-m-3-col"
                    >
                      <button
                        aria-disabled={false}
                        aria-label="Clear"
                        className="pf-c-button pf-m-plain"
                        data-ouia-component-id={1}
                        data-ouia-component-type="PF4/Button"
                        data-ouia-safe={true}
                        disabled={false}
                        onClick={[Function]}
                        type="button"
                      >
                        <svg
                          aria-hidden={true}
                          aria-labelledby={null}
                          fill="currentColor"
                          height="1em"
                          role="img"
                          style={
                            Object {
                              "verticalAlign": "-0.125em",
                            }
                          }
                          viewBox="0 0 352 512"
                          width="1em"
                        >
                          <path
                            d="M242.72 256l100.07-100.07c12.28-12.28 12.28-32.19 0-44.48l-22.24-22.24c-12.28-12.28-32.19-12.28-44.48 0L176 189.28 75.93 89.21c-12.28-12.28-32.19-12.28-44.48 0L9.21 111.45c-12.28 12.28-12.28 32.19 0 44.48L109.28 256 9.21 356.07c-12.28 12.28-12.28 32.19 0 44.48l22.24 22.24c12.28 12.28 32.2 12.28 44.48 0L176 322.72l100.07 100.07c12.28 12.28 32.2 12.28 44.48 0l22.24-22.24c12.28-12.28 12.28-32.19 0-44.48L242.72 256z"
                            transform=""
                          />
                        </svg>
                      </button>
                    </div>
                    <div
                      className="pf-l-grid__item pf-m-12-col"
                    />
                  </div>
                </div>
              </div>
              <div
                className="pf-l-grid__item"
              >
                <div>
                  <div
                    className="pf-l-grid"
                  >
                    <div
                      className="pf-l-grid__item pf-m-6-col"
                    >
                      <h1
                        className="hub-filter-header"
                        data-pf-content={true}
                      >
                        Catalog
                      </h1>
                    </div>
                    <div
                      className="pf-l-grid__item pf-m-3-col"
                    >
                      <button
                        aria-disabled={false}
                        aria-label="Clear"
                        className="pf-c-button pf-m-plain"
                        data-ouia-component-id={2}
                        data-ouia-component-type="PF4/Button"
                        data-ouia-safe={true}
                        disabled={false}
                        onClick={[Function]}
                        type="button"
                      >
                        <svg
                          aria-hidden={true}
                          aria-labelledby={null}
                          fill="currentColor"
                          height="1em"
                          role="img"
                          style={
                            Object {
                              "verticalAlign": "-0.125em",
                            }
                          }
                          viewBox="0 0 352 512"
                          width="1em"
                        >
                          <path
                            d="M242.72 256l100.07-100.07c12.28-12.28 12.28-32.19 0-44.48l-22.24-22.24c-12.28-12.28-32.19-12.28-44.48 0L176 189.28 75.93 89.21c-12.28-12.28-32.19-12.28-44.48 0L9.21 111.45c-12.28 12.28-12.28 32.19 0 44.48L109.28 256 9.21 356.07c-12.28 12.28-12.28 32.19 0 44.48l22.24 22.24c12.28 12.28 32.2 12.28 44.48 0L176 322.72l100.07 100.07c12.28 12.28 32.2 12.28 44.48 0l22.24-22.24c12.28-12.28 12.28-32.19 0-44.48L242.72 256z"
                            transform=""
                          />
                        </svg>
                      </button>
                    </div>
                    <div
                      className="pf-l-grid__item pf-m-12-col"
                    />
                  </div>
                </div>
              </div>
              <div
                className="pf-l-grid__item"
              >
                <div>
                  <div
                    className="pf-l-grid"
                  >
                    <div
                      className="pf-l-grid__item pf-m-6-col"
                    >
                      <h1
                        className="hub-filter-header"
                        data-pf-content={true}
                      >
                        Category
                      </h1>
                    </div>
                    <div
                      className="pf-l-grid__item pf-m-3-col"
                    >
                      <button
                        aria-disabled={false}
                        aria-label="Clear"
                        className="pf-c-button pf-m-plain"
                        data-ouia-component-id={3}
                        data-ouia-component-type="PF4/Button"
                        data-ouia-safe={true}
                        disabled={false}
                        onClick={[Function]}
                        type="button"
                      >
                        <svg
                          aria-hidden={true}
                          aria-labelledby={null}
                          fill="currentColor"
                          height="1em"
                          role="img"
                          style={
                            Object {
                              "verticalAlign": "-0.125em",
                            }
                          }
                          viewBox="0 0 352 512"
                          width="1em"
                        >
                          <path
                            d="M242.72 256l100.07-100.07c12.28-12.28 12.28-32.19 0-44.48l-22.24-22.24c-12.28-12.28-32.19-12.28-44.48 0L176 189.28 75.93 89.21c-12.28-12.28-32.19-12.28-44.48 0L9.21 111.45c-12.28 12.28-12.28 32.19 0 44.48L109.28 256 9.21 356.07c-12.28 12.28-12.28 32.19 0 44.48l22.24 22.24c12.28 12.28 32.2 12.28 44.48 0L176 322.72l100.07 100.07c12.28 12.28 32.2 12.28 44.48 0l22.24-22.24c12.28-12.28 12.28-32.19 0-44.48L242.72 256z"
                            transform=""
                          />
                        </svg>
                      </button>
                    </div>
                    <div
                      className="pf-l-grid__item pf-m-12-col"
                    />
                  </div>
                </div>
              </div>
            </div>
          </div>
          <div
            className="pf-l-grid__item pf-m-10-col pf-m-1-row"
          >
            <div
              className="pf-l-gallery pf-m-gutter hub-resource"
            >
              <span
                aria-valuetext="Loading..."
                className="pf-c-spinner pf-m-xl hub-spinner"
                role="progressbar"
              >
                <span
                  className="pf-c-spinner__clipper"
                />
                <span
                  className="pf-c-spinner__lead-ball"
                />
                <span
                  className="pf-c-spinner__tail-ball"
                />
              </span>
            </div>
          </div>
        </div>
      </section>
      <article
        className="pf-c-card hub-footer-card"
        data-ouia-component-id={4}
        data-ouia-component-type="PF4/Card"
        data-ouia-safe={true}
      >
        <div
          className="pf-l-grid"
        >
          <div
            className="pf-l-grid__item pf-m-12-col hub-footer-info"
          >
            <a
              href="https://cd.foundation"
              target="_"
            >
              <img
                alt="tekton.dev"
                src="https://tekton.dev/partner-logos/cdf.png"
              />
            </a>
          </div>
          <div
            className="pf-l-grid__item pf-m-12-col hub-footer-info"
          >
            <div
              className="pf-c-content hub-info-color"
            >
              <h3
                className=""
                data-pf-content={true}
              >
                Tekton is a
                 
                <a
                  className=""
                  data-pf-content={true}
                  href="https://cd.foundation"
                  target="_"
                >
                  Continuous Delivery Foundation
                </a>
                 
                project.
              </h3>
            </div>
          </div>
          <div
            className="pf-l-grid__item pf-m-12-col hub-logo-margin"
          >
            <img
              alt="Tekton"
              className="hub-logo-size"
              src="tekton.png"
            />
          </div>
          <div
            className="pf-l-grid__item pf-m-12-col hub-footer-description"
          >
            <p
              className=""
              data-pf-content={true}
            >
              © 2020 The Linux Foundation®. All rights reserved. The Linux Foundation has registered trademarks and uses trademarks. For a list of trademarks of The Linux Foundation, please see our
               
              <a
                className=""
                data-pf-content={true}
                href="https://www.linuxfoundation.org/trademark-usage/"
                target="_"
              >
                Trademark Usage page
              </a>
              . Linux is a registered trademark of Linus Torvalds.
               
              <a
                className=""
                data-pf-content={true}
                href="https://www.linuxfoundation.org/privacy/"
                target="_"
              >
                Privacy Policy
              </a>
               
              and
               
              <a
                className=""
                data-pf-content={true}
                href="https://www.linuxfoundation.org/terms/"
                target="_"
              >
                Terms of Use
              </a>
               
              .
            </p>
          </div>
        </div>
      </article>
    </main>
  </div>,
  " ",
  " ",
]
`;
