{
	"services": [
		{
			"name": "api",
			"status": "ok"
		},
		{
			"name": "db",
			"status": "ok"
		}
	]
}
