// Jest Snapshot v1, https://goo.gl/fbAQLP

exports[`should render the details component 1`] = `
"<Provider>
   
  <Details>
    <span>
      Add Resources detail here 
      ansible-runner
    </span>
  </Details>
   
</Provider>"
`;
